tgmiles@tgMilesPC:/mnt/c/Users/TgMiles/Documents/GitHub/IH-labs$ echo 'Hello World'
Hello World
tgmiles@tgMilesPC:/mnt/c/Users/TgMiles/Documents/GitHub/IH-labs$ mkdir new_dir
tgmiles@tgMilesPC:/mnt/c/Users/TgMiles/Documents/GitHub/IH-labs$ rmdir new_dir
tgmiles@tgMilesPC:/mnt/c/Users/TgMiles/Documents/GitHub/IH-labs/lab-bash/lorem$ cp sed.txt ../lorem-copy
tgmiles@tgMilesPC:/mnt/c/Users/TgMiles/Documents/GitHub/IH-labs/lab-bash/lorem$ cp at.xt ../lorem-copy; cp lorem.txt ../lorem-copy
tgmiles@tgMilesPC:/mnt/c/Users/TgMiles/Documents/GitHub/IH-labs/lab-bash/lorem-copy$ cat sed.txt
Sed ut perspiciatis unde omnis iste natus error sit voluptatem accusantium doloremque laudantium,
totam rem aperiam, eaque ipsa quae ab illo inventore veritatis et quasi architecto beatae vitae dicta sunt explicabo.
Nemo enim ipsam voluptatem quia voluptas sit aspernatur aut odit aut fugit,
sed quia consequuntur magni dolores eos qui ratione voluptatem sequi nesciunt.
Neque porro quisquam est, qui dolorem ipsum quia dolor sit amet, consectetur, adipisci velit,
sed quia non numquam eius modi tempora incidunt ut labore et dolore magnam aliquam quaerat voluptatem.
Ut enim ad minima veniam, quis nostrum exercitationem ullam corporis suscipit laboriosam,
nisi ut aliquid ex ea commodi consequatur? Quis autem vel eum iure reprehenderit qui in ea voluptate velit esse quam nihil molestiae consequatur,
vel illum qui dolorem eum fugiat quo voluptas nulla pariatur?Homo homini lupus
tgmiles@tgMilesPC:/mnt/c/Users/TgMiles/Documents/GitHub/IH-labs/lab-bash/lorem-copy$ cat at.txt
At vero eos ET accusamus ET iusto odio dignissimos ducimus qui blanditiis praesentium voluptatum
deleniti atque corrupti quos dolores ET quas molestias excepturi sint occaecati cupiditate non
provident, similique sunt in culpa qui officia deserunt mollitia animi, id est laborum ET dolorum fuga.
Et harum quidem rerum facilis est ET expedita distinctio.
Nam libero tempore, cum soluta nobis est eligendi optio cumque nihil impedit quo minus id quod
maxime placeat facere possimus, omnis voluptas assumenda est, omnis dolor repellendus.
Temporibus autem quibusdam ET aut officiis debitis aut rerum necessitatibus saepe eveniET
ut ET voluptates repudiandae sint ET molestiae non recusandae.
Itaque earum rerum hic tenETur a sapiente delectus, ut aut reiciendis voluptatibus maiores
alias consequatur aut perferendis doloribus asperiores repellat
tgmiles@tgMilesPC:/mnt/c/Users/TgMiles/Documents/GitHub/IH-labs/lab-bash/lorem-copy$ cat lorem.txt
Lorem ipsum dolor sit amet, consectetur adipiscing elit, sed do eiusmod tempor incididunt ut labore et dolore magna aliqua.
Ut enim ad minim veniam, quis nostrud exercitation ullamco laboris nisi ut aliquip ex ea commodo consequat.
Duis aute irure dolor in reprehenderit in voluptate velit esse cillum dolore eu fugiat nulla pariatur.
Excepteur sint occaecat cupidatat non proident, sunt in culpa qui officia deserunt mollit anim id est laborum.
tgmiles@tgMilesPC:/mnt/c/Users/TgMiles/Documents/GitHub/IH-labs/lab-bash/lorem-copy$ head -3 sed.txt
Sed ut perspiciatis unde omnis iste natus error sit voluptatem accusantium doloremque laudantium,
totam rem aperiam, eaque ipsa quae ab illo inventore veritatis et quasi architecto beatae vitae dicta sunt explicabo.
Nemo enim ipsam voluptatem quia voluptas sit aspernatur aut odit aut fugit,

tgmiles@tgMilesPC:/mnt/c/Users/TgMiles/Documents/GitHub/IH-labs/lab-bash/lorem-copy$ tail -3 sed.txt
Ut enim ad minima veniam, quis nostrum exercitationem ullam corporis suscipit laboriosam,
nisi ut aliquid ex ea commodi consequatur? Quis autem vel eum iure reprehenderit qui in ea voluptate velit esse quam nihil molestiae consequatur,
vel illum qui dolorem eum fugiat quo voluptas nulla pariatur?Homo homini lupus
tgmiles@tgMilesPC:/mnt/c/Users/TgMiles/Documents/GitHub/IH-labs/lab-bash/lorem-copy$ echo "Homo homini lupus" >> sed.txt
tgmiles@tgMilesPC:/mnt/c/Users/TgMiles/Documents/GitHub/IH-labs/lab-bash/lorem-copy$ tail -3 sed.txt
nisi ut aliquid ex ea commodi consequatur? Quis autem vel eum iure reprehenderit qui in ea voluptate velit esse quam nihil molestiae consequatur,
vel illum qui dolorem eum fugiat quo voluptas nulla pariatur?Homo homini lupus
Homo homini lupus
tgmiles@tgMilesPC:/mnt/c/Users/TgMiles/Documents/GitHub/IH-labs/lab-bash/lorem$ sed -i 's/ET/et/g' at.txt
tgmiles@tgMilesPC:/mnt/c/Users/TgMiles/Documents/GitHub/IH-labs/lab-bash/lorem$ head at.txt
At vero eos et accusamus et iusto odio dignissimos ducimus qui blanditiis praesentium voluptatum
deleniti atque corrupti quos dolores et quas molestias EXcepturi sint occaecati cupiditate non
provident, similique sunt in culpa qui officia deserunt mollitia animi, id est laborum et dolorum fuga.
Et harum quidem rerum facilis est et EXpedita distinctio.
Nam libero tempore, cum soluta nobis est eligendi optio cumque nihil impedit quo minus id quod
maxime placeat facere possimus, omnis voluptas assumenda est, omnis dolor repellendus.
Temporibus autem quibusdam et aut officiis debitis aut rerum necessitatibus saepe eveniet
ut et voluptates repudiandae sint et molestiae non recusandae.
Itaque earum rerum hic tenetur a sapiente delectus, ut aut reiciendis voluptatibus maiores
alias consequatur aut perferendis doloribus asperiores repellat
tgmiles@tgMilesPC:/mnt/c/Users/TgMiles/Documents/GitHub/IH-labs/lab-bash/lorem$ cat at.txt
At vero eos et accusamus et iusto odio dignissimos ducimus qui blanditiis praesentium voluptatum
deleniti atque corrupti quos dolores et quas molestias EXcepturi sint occaecati cupiditate non
provident, similique sunt in culpa qui officia deserunt mollitia animi, id est laborum et dolorum fuga.
Et harum quidem rerum facilis est et EXpedita distinctio.
Nam libero tempore, cum soluta nobis est eligendi optio cumque nihil impedit quo minus id quod
maxime placeat facere possimus, omnis voluptas assumenda est, omnis dolor repellendus.
Temporibus autem quibusdam et aut officiis debitis aut rerum necessitatibus saepe eveniet
ut et voluptates repudiandae sint et molestiae non recusandae.
Itaque earum rerum hic tenetur a sapiente delectus, ut aut reiciendis voluptatibus maiores
alias consequatur aut perferendis doloribus asperiores repellat
tgmiles@tgMilesPC:/mnt/c/Users/TgMiles/Documents/GitHub/IH-labs/lab-bash/lorem$ whoami
tgmiles
tgmiles@tgMilesPC:/mnt/c/Users/TgMiles/Documents/GitHub/IH-labs/lab-bash/lorem$ pwd
/mnt/c/Users/TgMiles/Documents/GitHub/IH-labs/lab-bash/lorem
tgmiles@tgMilesPC:/mnt/c/Users/TgMiles/Documents/GitHub/IH-labs/lab-bash/lorem$ ls *.txt
at.txt  lorem.txt  sed.txt
tgmiles@tgMilesPC:/mnt/c/Users/TgMiles/Documents/GitHub/IH-labs/lab-bash/lorem$ find *.txt
at.txt
lorem.txt
sed.txt
tgmiles@tgMilesPC:/mnt/c/Users/TgMiles/Documents/GitHub/IH-labs/lab-bash/lorem$ cat sed.txt | wc
      9     131     900
tgmiles@tgMilesPC:/mnt/c/Users/TgMiles/Documents/GitHub/IH-labs/lab-bash$ find . -type f -name lorem*.* | wc -l
2
tgmiles@tgMilesPC:/mnt/c/Users/TgMiles/Documents/GitHub/IH-labs/lab-bash$ read name
Sebastian
tgmiles@tgMilesPC:/mnt/c/Users/TgMiles/Documents/GitHub/IH-labs/lab-bash$ echo $name
Sebastian
tgmiles@tgMilesPC:/mnt/c/Users/TgMiles/Documents/GitHub/IH-labs/lab-bash$ mkdir $name
tgmiles@tgMilesPC:/mnt/c/Users/TgMiles/Documents/GitHub/IH-labs/lab-bash$ ls
Sebastian  exercices  inputs  lorem  lorem-copy  outputs  readme.md
tgmiles@tgMilesPC:/mnt/c/Users/TgMiles/Documents/GitHub/IH-labs/lab-bash$ rmdir $name
tgmiles@tgMilesPC:/mnt/c/Users/TgMiles/Documents/GitHub/IH-labs/lab-bash$
